빌드 시작: 2026-10-01 오전 10:58:48
로깅의 세부 정보 표시가 Normal(으)로 설정되었습니다.
1 노드의 "C:\WorkingDev\DemoSLLM\src\App.Wpf\App.Wpf.csproj" 프로젝트(Restore 대상)입니다.
_GetAllRestoreProjectPathItems:
  복원할 프로젝트를 확인하는 중...
"C:\WorkingDev\DemoSLLM\src\App.Wpf\App.Wpf.csproj"(1) 프로젝트가 1 노드에서 "C:\WorkingDev\DemoSLLM\src\Core\Core.csproj"(2:6)을(를) 빌드하고 있습니다(_GenerateProjectRestoreGraph 대상).
AddPrunePackageReferences:
  Loading prune package data from PrunePackageData folder
  Failed to load prune package data from PrunePackageData folder, loading from targeting packs instead
  Looking for targeting packs in C:\Program Files\dotnet\packs\Microsoft.NETCore.App.Ref
  Pack directories found: C:\Program Files\dotnet\packs\Microsoft.NETCore.App.Ref\10.0.0
  C:\Program Files\dotnet\packs\Microsoft.NETCore.App.Ref\10.0.11
  Found package overrides file C:\Program Files\dotnet\packs\Microsoft.NETCore.App.Ref\10.0.11\data\PackageOverrides.txt
"C:\WorkingDev\DemoSLLM\src\Core\Core.csproj" 프로젝트를 빌드했습니다(_GenerateProjectRestoreGraph 대상).
"C:\WorkingDev\DemoSLLM\src\App.Wpf\App.Wpf.csproj"(1) 프로젝트가 1 노드에서 "C:\WorkingDev\DemoSLLM\src\App.Wpf\App.Wpf.csproj"(1:6)을(를) 빌드하고 있습니다(_GenerateProjectRestoreGraph 대상).
AddPrunePackageReferences:
  Loading prune package data from PrunePackageData folder
  Failed to load prune package data from PrunePackageData folder, loading from targeting packs instead
  Looking for targeting packs in C:\Program Files\dotnet\packs\Microsoft.NETCore.App.Ref
  Pack directories found: C:\Program Files\dotnet\packs\Microsoft.NETCore.App.Ref\10.0.0
  C:\Program Files\dotnet\packs\Microsoft.NETCore.App.Ref\10.0.11
  Found package overrides file C:\Program Files\dotnet\packs\Microsoft.NETCore.App.Ref\10.0.11\data\PackageOverrides.txt
  Loading prune package data from PrunePackageData folder
  Failed to load prune package data from PrunePackageData folder, loading from targeting packs instead
  Looking for targeting packs in C:\Program Files\dotnet\packs\Microsoft.WindowsDesktop.App.Ref
  Pack directories found: C:\Program Files\dotnet\packs\Microsoft.WindowsDesktop.App.Ref\10.0.0
  C:\Program Files\dotnet\packs\Microsoft.WindowsDesktop.App.Ref\10.0.11
  Found package overrides file C:\Program Files\dotnet\packs\Microsoft.WindowsDesktop.App.Ref\10.0.11\data\PackageOverrides.txt
"C:\WorkingDev\DemoSLLM\src\App.Wpf\App.Wpf.csproj" 프로젝트를 빌드했습니다(_GenerateProjectRestoreGraph 대상).
Restore:
  X.509 인증서 체인 유효성 검사는 코드 서명에 .NET에서 선택한 기본 신뢰 저장소를 사용합니다.
  X.509 인증서 체인 유효성 검사는 타임스탬프에 .NET에서 선택한 기본 신뢰 저장소를 사용합니다.
  자산 파일이 변경되지 않았습니다. 자산 파일 쓰기를 건너뜁니다. 경로: C:\WorkingDev\DemoSLLM\src\Core\obj\project.assets.json
  자산 파일이 변경되지 않았습니다. 자산 파일 쓰기를 건너뜁니다. 경로: C:\WorkingDev\DemoSLLM\src\App.Wpf\obj\project.assets.json
  자산 파일이 변경되지 않았습니다. 자산 파일 쓰기를 건너뜁니다. 경로: C:\WorkingDev\DemoSLLM\src\Features\obj\project.assets.json
  자산 파일이 변경되지 않았습니다. 자산 파일 쓰기를 건너뜁니다. 경로: C:\WorkingDev\DemoSLLM\src\Backend.LlamaServer\obj\project.assets.json
  자산 파일이 변경되지 않았습니다. 자산 파일 쓰기를 건너뜁니다. 경로: C:\WorkingDev\DemoSLLM\src\Telemetry\obj\project.assets.json
  C:\WorkingDev\DemoSLLM\src\App.Wpf\App.Wpf.csproj을(를) 56밀리초 동안 복원했습니다.
  C:\WorkingDev\DemoSLLM\src\Telemetry\Telemetry.csproj을(를) 56밀리초 동안 복원했습니다.
  C:\WorkingDev\DemoSLLM\src\Backend.LlamaServer\Backend.LlamaServer.csproj을(를) 56밀리초 동안 복원했습니다.
  C:\WorkingDev\DemoSLLM\src\Core\Core.csproj을(를) 56밀리초 동안 복원했습니다.
  C:\WorkingDev\DemoSLLM\src\Features\Features.csproj을(를) 56밀리초 동안 복원했습니다.
  
  사용된 NuGet Config 파일:
      C:\Users\heungbae\AppData\Roaming\NuGet\NuGet.Config
      C:\Program Files (x86)\NuGet\Config\Microsoft.VisualStudio.FallbackLocation.config
      C:\Program Files (x86)\NuGet\Config\Microsoft.VisualStudio.Offline.config
  
  사용된 피드:
      https://api.nuget.org/v3/index.json
      C:\Program Files (x86)\Microsoft SDKs\NuGetPackages\
  복원할 모든 프로젝트가 최신 상태입니다.
"C:\WorkingDev\DemoSLLM\src\App.Wpf\App.Wpf.csproj" 프로젝트를 빌드했습니다(Restore 대상).
1 노드의 "C:\WorkingDev\DemoSLLM\src\App.Wpf\App.Wpf.csproj" 프로젝트(Build 대상)입니다.
"C:\WorkingDev\DemoSLLM\src\App.Wpf\App.Wpf.csproj"(1:7) 프로젝트가 1 노드에서 "C:\WorkingDev\DemoSLLM\src\Core\Core.csproj"(2:8)을(를) 빌드하고 있습니다(기본 대상).
GenerateTargetFrameworkMonikerAttribute:
해당 입력 파일과 비교하여 출력 파일이 모두 최신 파일이므로 "GenerateTargetFrameworkMonikerAttribute" 대상을 건너뜁니다.
CoreGenerateAssemblyInfo:
해당 입력 파일과 비교하여 출력 파일이 모두 최신 파일이므로 "CoreGenerateAssemblyInfo" 대상을 건너뜁니다.
_GenerateSourceLinkFile:
  Source Link가 비어 있습니다. 파일 'obj\x64\Release\net10.0\Core.sourcelink.json'이(가) 없습니다.
CoreCompile:
해당 입력 파일과 비교하여 출력 파일이 모두 최신 파일이므로 "CoreCompile" 대상을 건너뜁니다.
GenerateBuildDependencyFile:
해당 입력 파일과 비교하여 출력 파일이 모두 최신 파일이므로 "GenerateBuildDependencyFile" 대상을 건너뜁니다.
CopyFilesToOutputDirectory:
  Core -> C:\WorkingDev\DemoSLLM\src\Core\bin\x64\Release\net10.0\Core.dll
"C:\WorkingDev\DemoSLLM\src\Core\Core.csproj" 프로젝트를 빌드했습니다(기본 대상).
"C:\WorkingDev\DemoSLLM\src\App.Wpf\App.Wpf.csproj"(1:7) 프로젝트가 1 노드에서 "C:\WorkingDev\DemoSLLM\src\Backend.LlamaServer\Backend.LlamaServer.csproj"(3:6)을(를) 빌드하고 있습니다(기본 대상).
GenerateTargetFrameworkMonikerAttribute:
해당 입력 파일과 비교하여 출력 파일이 모두 최신 파일이므로 "GenerateTargetFrameworkMonikerAttribute" 대상을 건너뜁니다.
CoreGenerateAssemblyInfo:
해당 입력 파일과 비교하여 출력 파일이 모두 최신 파일이므로 "CoreGenerateAssemblyInfo" 대상을 건너뜁니다.
_GenerateSourceLinkFile:
  Source Link가 비어 있습니다. 파일 'obj\x64\Release\net10.0\Backend.LlamaServer.sourcelink.json'이(가) 없습니다.
CoreCompile:
해당 입력 파일과 비교하여 출력 파일이 모두 최신 파일이므로 "CoreCompile" 대상을 건너뜁니다.
GenerateBuildDependencyFile:
해당 입력 파일과 비교하여 출력 파일이 모두 최신 파일이므로 "GenerateBuildDependencyFile" 대상을 건너뜁니다.
CopyFilesToOutputDirectory:
  Backend.LlamaServer -> C:\WorkingDev\DemoSLLM\src\Backend.LlamaServer\bin\x64\Release\net10.0\Backend.LlamaServer.dll
"C:\WorkingDev\DemoSLLM\src\Backend.LlamaServer\Backend.LlamaServer.csproj" 프로젝트를 빌드했습니다(기본 대상).
"C:\WorkingDev\DemoSLLM\src\App.Wpf\App.Wpf.csproj"(1:7) 프로젝트가 1 노드에서 "C:\WorkingDev\DemoSLLM\src\Telemetry\Telemetry.csproj"(4:6)을(를) 빌드하고 있습니다(기본 대상).
GenerateTargetFrameworkMonikerAttribute:
해당 입력 파일과 비교하여 출력 파일이 모두 최신 파일이므로 "GenerateTargetFrameworkMonikerAttribute" 대상을 건너뜁니다.
CoreGenerateAssemblyInfo:
해당 입력 파일과 비교하여 출력 파일이 모두 최신 파일이므로 "CoreGenerateAssemblyInfo" 대상을 건너뜁니다.
_GenerateSourceLinkFile:
  Source Link가 비어 있습니다. 파일 'obj\x64\Release\net10.0\Telemetry.sourcelink.json'이(가) 없습니다.
CoreCompile:
해당 입력 파일과 비교하여 출력 파일이 모두 최신 파일이므로 "CoreCompile" 대상을 건너뜁니다.
GenerateBuildDependencyFile:
해당 입력 파일과 비교하여 출력 파일이 모두 최신 파일이므로 "GenerateBuildDependencyFile" 대상을 건너뜁니다.
CopyFilesToOutputDirectory:
  Telemetry -> C:\WorkingDev\DemoSLLM\src\Telemetry\bin\x64\Release\net10.0\Telemetry.dll
"C:\WorkingDev\DemoSLLM\src\Telemetry\Telemetry.csproj" 프로젝트를 빌드했습니다(기본 대상).
"C:\WorkingDev\DemoSLLM\src\App.Wpf\App.Wpf.csproj"(1:7) 프로젝트가 1 노드에서 "C:\WorkingDev\DemoSLLM\src\Features\Features.csproj"(5:6)을(를) 빌드하고 있습니다(기본 대상).
GenerateTargetFrameworkMonikerAttribute:
해당 입력 파일과 비교하여 출력 파일이 모두 최신 파일이므로 "GenerateTargetFrameworkMonikerAttribute" 대상을 건너뜁니다.
CoreGenerateAssemblyInfo:
해당 입력 파일과 비교하여 출력 파일이 모두 최신 파일이므로 "CoreGenerateAssemblyInfo" 대상을 건너뜁니다.
_GenerateSourceLinkFile:
  Source Link가 비어 있습니다. 파일 'obj\x64\Release\net10.0\Features.sourcelink.json'이(가) 없습니다.
CoreCompile:
해당 입력 파일과 비교하여 출력 파일이 모두 최신 파일이므로 "CoreCompile" 대상을 건너뜁니다.
GenerateBuildDependencyFile:
해당 입력 파일과 비교하여 출력 파일이 모두 최신 파일이므로 "GenerateBuildDependencyFile" 대상을 건너뜁니다.
CopyFilesToOutputDirectory:
  Features -> C:\WorkingDev\DemoSLLM\src\Features\bin\x64\Release\net10.0\Features.dll
"C:\WorkingDev\DemoSLLM\src\Features\Features.csproj" 프로젝트를 빌드했습니다(기본 대상).
MainResourcesGeneration:
해당 입력 파일과 비교하여 출력 파일이 모두 최신 파일이므로 "MainResourcesGeneration" 대상을 건너뜁니다.
GenerateTargetFrameworkMonikerAttribute:
해당 입력 파일과 비교하여 출력 파일이 모두 최신 파일이므로 "GenerateTargetFrameworkMonikerAttribute" 대상을 건너뜁니다.
CoreGenerateAssemblyInfo:
해당 입력 파일과 비교하여 출력 파일이 모두 최신 파일이므로 "CoreGenerateAssemblyInfo" 대상을 건너뜁니다.
_GenerateSourceLinkFile:
  Source Link가 비어 있습니다. 파일 'obj\x64\Release\App.Wpf.sourcelink.json'이(가) 없습니다.
CoreCompile:
해당 입력 파일과 비교하여 출력 파일이 모두 최신 파일이므로 "CoreCompile" 대상을 건너뜁니다.
_CreateAppHost:
해당 입력 파일과 비교하여 출력 파일이 모두 최신 파일이므로 "_CreateAppHost" 대상을 건너뜁니다.
_CopyOutOfDateSourceItemsToOutputDirectory:
해당 입력 파일과 비교하여 출력 파일이 모두 최신 파일이므로 "_CopyOutOfDateSourceItemsToOutputDirectory" 대상을 건너뜁니다.
GenerateBuildDependencyFile:
해당 입력 파일과 비교하여 출력 파일이 모두 최신 파일이므로 "GenerateBuildDependencyFile" 대상을 건너뜁니다.
GenerateBuildRuntimeConfigurationFiles:
해당 입력 파일과 비교하여 출력 파일이 모두 최신 파일이므로 "GenerateBuildRuntimeConfigurationFiles" 대상을 건너뜁니다.
CopyFilesToOutputDirectory:
  App.Wpf -> C:\WorkingDev\DemoSLLM\src\App.Wpf\obj\app-output\Release\LocalMindStudio.dll
"C:\WorkingDev\DemoSLLM\src\App.Wpf\App.Wpf.csproj"(1:7) 프로젝트가 1 노드에서 "C:\WorkingDev\DemoSLLM\src\App.Wpf\App.Wpf.csproj"(1:8)을(를) 빌드하고 있습니다(Publish 대상).
_CreateSingleFileHost:
해당 입력 파일과 비교하여 출력 파일이 모두 최신 파일이므로 "_CreateSingleFileHost" 대상을 건너뜁니다.
GeneratePublishDependencyFile:
해당 입력 파일과 비교하여 출력 파일이 모두 최신 파일이므로 "GeneratePublishDependencyFile" 대상을 건너뜁니다.
GenerateSingleFileBundle:
해당 입력 파일과 비교하여 출력 파일이 모두 최신 파일이므로 "GenerateSingleFileBundle" 대상을 건너뜁니다.
_CopyResolvedFilesToPublishPreserveNewest:
출력이 없으므로 "_CopyResolvedFilesToPublishPreserveNewest" 대상을 건너뜁니다.
Publish:
  App.Wpf -> C:\WorkingDev\DemoSLLM\bin\
"C:\WorkingDev\DemoSLLM\src\App.Wpf\App.Wpf.csproj" 프로젝트를 빌드했습니다(Publish 대상).
"C:\WorkingDev\DemoSLLM\src\App.Wpf\App.Wpf.csproj" 프로젝트를 빌드했습니다(Build 대상).

빌드했습니다.
    경고 0개
    오류 0개

C:\WorkingDev\DemoSLLM\docs\singlefile-release-build.log이(가) FileLogger에 작성됨

경과 시간: 00:00:02.58
